 Container undercroft-colbertort-run-f24d4693ee7d Creating 
 Container undercroft-colbertort-run-f24d4693ee7d Created 
########## BUILD: undercroft-bench --features ort ##########
    Updating crates.io index
 Downloading crates ...
  Downloaded opaque-debug v0.3.1
  Downloaded adler2 v2.0.1
  Downloaded percent-encoding v2.3.2
  Downloaded onig v6.5.3
  Downloaded once_cell v1.21.4
  Downloaded powerfmt v0.2.0
  Downloaded rawpointer v0.2.1
  Downloaded rand_chacha v0.3.1
  Downloaded rayon-cond v0.3.0
  Downloaded phf_shared v0.13.1
  Downloaded openssl-probe v0.2.1
  Downloaded hybrid-array v0.4.13
  Downloaded paste v1.0.15
  Downloaded ppv-lite86 v0.2.21
  Downloaded password-hash v0.5.0
  Downloaded icu_locale_core v2.2.0
  Downloaded potential_utf v0.1.5
  Downloaded is_terminal_polyfill v1.70.2
  Downloaded openssl-macros v0.1.1
  Downloaded inout v0.1.4
  Downloaded tinyvec_macros v0.1.1
  Downloaded utf8-zero v0.8.1
  Downloaded version_check v0.9.5
  Downloaded utf8parse v0.2.2
  Downloaded macro_rules_attribute-proc_macro v0.2.2
  Downloaded num-conv v0.2.2
  Downloaded utf8_iter v1.0.4
  Downloaded webpki-roots v0.26.11
  Downloaded idna_adapter v1.2.2
  Downloaded quote v1.0.46
  Downloaded yoke-derive v0.8.2
  Downloaded xattr v1.6.1
  Downloaded rand_core v0.6.4
  Downloaded rand_core v0.10.1
  Downloaded parking_lot_core v0.9.12
  Downloaded anstyle-query v1.1.5
  Downloaded subtle v2.6.1
  Downloaded zerofrom-derive v0.1.7
  Downloaded clap_lex v1.1.0
  Downloaded monostate-impl v0.1.18
  Downloaded time-core v0.1.9
  Downloaded socks v0.3.4
  Downloaded lazy_static v1.5.0
  Downloaded itoa v1.0.18
  Downloaded monostate v0.1.18
  Downloaded untrusted v0.9.0
  Downloaded universal-hash v0.5.1
  Downloaded strsim v0.11.1
  Downloaded foreign-types-shared v0.1.1
  Downloaded zerofrom v0.1.8
  Downloaded scopeguard v1.2.0
  Downloaded siphasher v1.0.3
  Downloaded zeroize_derive v1.5.0
  Downloaded block-buffer v0.12.1
  Downloaded cfg-if v1.0.4
  Downloaded pkg-config v0.3.33
  Downloaded colorchoice v1.0.5
  Downloaded pin-project-lite v0.2.17
  Downloaded phf v0.13.1
  Downloaded postgres-protocol v0.6.12
  Downloaded synstructure v0.13.2
  Downloaded cpufeatures v0.2.17
  Downloaded macro_rules_attribute v0.2.2
  Downloaded md-5 v0.11.0
  Downloaded native-tls v0.2.18
  Downloaded aead v0.5.2
  Downloaded anstyle-parse v1.0.0
  Downloaded num-integer v0.1.46
  Downloaded anstream v1.0.0
  Downloaded parking_lot v0.12.5
  Downloaded base64ct v1.8.3
  Downloaded postgres-types v0.2.14
  Downloaded zmij v1.0.23
  Downloaded thiserror-impl v1.0.69
  Downloaded pem-rfc7468 v1.0.0
  Downloaded num-complex v0.4.6
  Downloaded lock_api v0.4.14
  Downloaded sha2 v0.10.9
  Downloaded thiserror v1.0.69
  Downloaded slab v0.4.12
  Downloaded writeable v0.6.3
  Downloaded thiserror v2.0.18
  Downloaded ident_case v1.0.1
  Downloaded whoami v2.1.2
  Downloaded stringprep v0.1.5
  Downloaded zstd-safe v7.2.4
  Downloaded shlex v2.0.1
  Downloaded zeroize v1.9.0
  Downloaded autocfg v1.5.1
  Downloaded simd-adler32 v0.3.9
  Downloaded stable_deref_trait v1.2.1
  Downloaded hashlink v0.9.1
  Downloaded block-buffer v0.10.4
  Downloaded errno v0.3.14
  Downloaded async-trait v0.1.89
  Downloaded cmov v0.5.4
  Downloaded anstyle v1.0.14
  Downloaded byteorder v1.5.0
  Downloaded cpufeatures v0.3.0
  Downloaded ort-sys v2.0.0-rc.10
  Downloaded tinystr v0.8.3
  Downloaded chacha20 v0.9.1
  Downloaded cipher v0.4.4
  Downloaded argon2 v0.5.3
  Downloaded icu_collections v2.2.0
  Downloaded litemap v0.8.2
  Downloaded zerovec-derive v0.11.3
  Downloaded form_urlencoded v1.2.2
  Downloaded postgres v0.19.14
  Downloaded time-macros v0.2.31
  Downloaded generic-array v0.14.7
  Downloaded poly1305 v0.8.0
  Downloaded futures-sink v0.3.32
  Downloaded jobserver v0.1.35
  Downloaded crypto-common v0.1.7
  Downloaded heck v0.5.0
  Downloaded futures-task v0.3.32
  Downloaded darling_macro v0.20.11
  Downloaded smallvec v2.0.0-alpha.10
  Downloaded anyhow v1.0.103
  Downloaded chacha20 v0.10.1
  Downloaded smallvec v1.15.2
  Downloaded clap_derive v4.6.1
  Downloaded sha2 v0.11.0
  Downloaded derive_builder_macro v0.20.2
  Downloaded blake2 v0.10.6
  Downloaded either v1.16.0
  Downloaded unicode-properties v0.1.4
  Downloaded crossbeam-deque v0.8.7
  Downloaded ctutils v0.4.2
  Downloaded digest v0.10.7
  Downloaded derive_builder_core v0.20.2
  Downloaded futures-core v0.3.32
  Downloaded fnv v1.0.7
  Downloaded find-msvc-tools v0.1.9
  Downloaded hex v0.4.3
  Downloaded rustls-pki-types v1.15.0
  Downloaded hmac v0.12.1
  Downloaded fallible-streaming-iterator v0.1.9
  Downloaded proc-macro2 v1.0.106
  Downloaded matrixmultiply v0.3.10
  Downloaded tracing-core v0.1.36
  Downloaded ureq-proto v0.6.0
  Downloaded ahash v0.8.12
  Downloaded unicode-bidi v0.3.18
  Downloaded num-traits v0.2.19
  Downloaded log v0.4.33
  Downloaded icu_provider v2.2.0
  Downloaded rayon-core v1.13.0
  Downloaded clap v4.6.1
  Downloaded foreign-types v0.3.2
  Downloaded const-oid v0.10.2
  Downloaded filetime v0.2.29
  Downloaded yoke v0.8.3
  Downloaded zstd v0.13.3
  Downloaded icu_normalizer v2.2.0
  Downloaded tempfile v3.27.0
  Downloaded unicode-ident v1.0.24
  Downloaded bitflags v2.13.0
  Downloaded serde_core v1.0.228
  Downloaded thiserror-impl v2.0.18
  Downloaded crc32fast v1.5.0
  Downloaded socket2 v0.6.5
  Downloaded miniz_oxide v0.8.9
  Downloaded crypto-common v0.2.2
  Downloaded fastrand v2.4.1
  Downloaded serde_derive v1.0.228
  Downloaded crossbeam-epoch v0.9.20
  Downloaded darling v0.20.11
  Downloaded base64 v0.13.1
  Downloaded deranged v0.5.8
  Downloaded fallible-iterator v0.3.0
  Downloaded icu_normalizer_data v2.2.0
  Downloaded bytes v1.12.1
  Downloaded icu_properties v2.2.0
  Downloaded rand v0.8.7
  Downloaded httparse v1.10.1
  Downloaded displaydoc v0.2.6
  Downloaded futures-channel v0.3.32
  Downloaded digest v0.11.3
  Downloaded chacha20poly1305 v0.10.1
  Downloaded tinyvec v1.12.0
  Downloaded minimal-lexical v0.2.1
  Downloaded tar v0.4.46
  Downloaded derive_builder v0.20.2
  Downloaded fallible-iterator v0.2.0
  Downloaded base64 v0.22.1
  Downloaded openssl-sys v0.9.117
  Downloaded zerotrie v0.2.4
  Downloaded getrandom v0.4.3
  Downloaded memchr v2.8.3
  Downloaded getrandom v0.2.17
  Downloaded cc v1.2.67
  Downloaded crossbeam-utils v0.8.22
  Downloaded serde v1.0.228
  Downloaded unicode-normalization-alignments v0.1.12
  Downloaded hmac v0.13.0
  Downloaded mio v1.2.2
  Downloaded url v2.5.8
  Downloaded zerovec v0.11.6
  Downloaded rand v0.10.2
  Downloaded darling_core v0.20.11
  Downloaded rustls-webpki v0.103.13
  Downloaded tokio-postgres v0.7.18
  Downloaded unicode-segmentation v1.13.3
  Downloaded itertools v0.11.0
  Downloaded nom v7.1.3
  Downloaded unicode_categories v0.1.1
  Downloaded flate2 v1.1.9
  Downloaded itertools v0.12.1
  Downloaded webpki-root-certs v1.0.8
  Downloaded der v0.8.1
  Downloaded idna v1.1.0
  Downloaded typenum v1.20.1
  Downloaded ureq v2.12.1
  Downloaded unicode-normalization v0.1.25
  Downloaded hashbrown v0.14.5
  Downloaded icu_properties_data v2.2.0
  Downloaded rusqlite v0.32.1
  Downloaded ort v2.0.0-rc.10
  Downloaded clap_builder v4.6.0
  Downloaded aho-corasick v1.1.4
  Downloaded ureq v3.3.0
  Downloaded esaxx-rs v0.1.10
  Downloaded http v1.4.2
  Downloaded tokio-util v0.7.18
  Downloaded rayon v1.12.0
  Downloaded hkdf v0.12.4
  Downloaded regex v1.13.0
  Downloaded serde_json v1.0.150
  Downloaded vcpkg v0.2.15
  Downloaded webpki-roots v1.0.8
  Downloaded tokenizers v0.20.4
  Downloaded ndarray v0.16.1
  Downloaded zerocopy v0.8.54
  Downloaded futures-util v0.3.32
  Downloaded time v0.3.53
  Downloaded openssl v0.10.81
  Downloaded syn v2.0.118
  Downloaded rustls v0.23.42
  Downloaded zstd-sys v2.0.16+zstd.1.5.7
  Downloaded regex-syntax v0.8.11
  Downloaded libc v0.2.186
  Downloaded rustix v1.1.4
  Downloaded tracing v0.1.44
  Downloaded onig_sys v69.9.3
  Downloaded spm_precompiled v0.1.4
  Downloaded regex-automata v0.4.15
  Downloaded tokio v1.52.3
  Downloaded ring v0.17.14
  Downloaded linux-raw-sys v0.12.1
  Downloaded libsqlite3-sys v0.30.1
   Compiling undercroft-store v0.22.0 (/src/crates/undercroft-store)
   Compiling undercroft-bench v0.22.0 (/src/crates/undercroft-bench)
    Finished `release` profile [optimized] target(s) in 19.39s
>>> locomo full (hash + ort colbert + token-PQ LUT + MUVERA FDE candidates)
  convo 1/10 done — 197 q, R@10 so far: 99.5%
  convo 2/10 done — 302 q, R@10 so far: 99.7%
  convo 3/10 done — 495 q, R@10 so far: 97.6%
  convo 4/10 done — 755 q, R@10 so far: 97.1%
  convo 5/10 done — 997 q, R@10 so far: 97.2%
  convo 6/10 done — 1155 q, R@10 so far: 97.1%
  convo 7/10 done — 1345 q, R@10 so far: 96.9%
  convo 8/10 done — 1584 q, R@10 so far: 97.0%
  convo 9/10 done — 1780 q, R@10 so far: 96.8%
  convo 10/10 done — 1982 q, R@10 so far: 96.5%
LOCOMO_RAW convos=0..10/10 recall_sum=1913.0000 evaluated=1982
LOCOMO_TIMING convos=0..10/10 ingest_secs=199.381 search_secs=104.769 evaluated=1982 search_ms_per_q=52.9
LoCoMo — 1982 questions, session granularity: R@10 96.5%
########## ORT COLBERT BENCH DONE ##########
