LOCOMO_MISS conv=conv-26 q=7 cat=1 pool=50 missing=D3:13,D2:14
LOCOMO_MISS conv=conv-26 q=14 cat=3 pool=50 missing=D3:5
LOCOMO_MISS conv=conv-26 q=15 cat=1 pool=50 missing=D5:4,D9:1,D1:18
LOCOMO_MISS conv=conv-26 q=18 cat=1 pool=50 missing=D4:6
LOCOMO_MISS conv=conv-26 q=19 cat=1 pool=50 missing=D4:8
LOCOMO_MISS conv=conv-26 q=24 cat=1 pool=50 missing=D5:4
LOCOMO_MISS conv=conv-26 q=27 cat=3 pool=50 missing=D7:5,D7:9
LOCOMO_MISS conv=conv-26 q=34 cat=1 pool=50 missing=D3:3
LOCOMO_MISS conv=conv-26 q=38 cat=1 pool=50 missing=D8:4,D8:6,D9:1,D1:18
LOCOMO_MISS conv=conv-26 q=42 cat=3 pool=50 missing=D10:12,D10:14
LOCOMO_MISS conv=conv-26 q=48 cat=1 pool=50 missing=D12:14
LOCOMO_MISS conv=conv-26 q=50 cat=3 pool=50 missing=D12:1
LOCOMO_MISS conv=conv-26 q=56 cat=1 pool=50 missing=D4:1
LOCOMO_MISS conv=conv-26 q=64 cat=3 pool=50 missing=D15:28
LOCOMO_MISS conv=conv-26 q=69 cat=3 pool=50 missing=D16:18,D13:16
LOCOMO_MISS conv=conv-26 q=75 cat=1 pool=50 missing=D18:1
LOCOMO_MISS conv=conv-26 q=89 cat=4 pool=50 missing=D2:15
LOCOMO_MISS conv=conv-26 q=118 cat=4 pool=50 missing=D10:14
LOCOMO_MISS conv=conv-26 q=124 cat=4 pool=50 missing=D13:4
LOCOMO_MISS conv=conv-26 q=127 cat=4 pool=50 missing=D14:17
LOCOMO_MISS conv=conv-26 q=135 cat=4 pool=50 missing=D17:8
LOCOMO_MISS conv=conv-26 q=150 cat=4 pool=50 missing=D18:13
LOCOMO_MISS conv=conv-26 q=175 cat=5 pool=50 missing=D10:14
LOCOMO_MISS conv=conv-26 q=181 cat=5 pool=50 missing=D14:17
  convo 1/10 done — 197 q, R@10 so far: 98.5%
LOCOMO_MISS conv=conv-30 q=2 cat=4 pool=50 missing=D1:7,D1:6
LOCOMO_MISS conv=conv-30 q=9 cat=1 pool=50 missing=D15:1
LOCOMO_MISS conv=conv-30 q=27 cat=1 pool=50 missing=D14:14,D9:10
LOCOMO_MISS conv=conv-30 q=29 cat=1 pool=50 missing=D2:4
LOCOMO_MISS conv=conv-30 q=74 cat=4 pool=50 missing=D15:9
  convo 2/10 done — 302 q, R@10 so far: 98.3%
LOCOMO_MISS conv=conv-41 q=2 cat=1 pool=50 missing=D2:28,D1:4
LOCOMO_MISS conv=conv-41 q=3 cat=1 pool=50 missing=D3:5
LOCOMO_MISS conv=conv-41 q=6 cat=1 pool=50 missing=D2:1,D19:1,D14:10
LOCOMO_MISS conv=conv-41 q=8 cat=3 pool=50 missing=D5:5
LOCOMO_MISS conv=conv-41 q=10 cat=2 pool=50 missing=D7:1
LOCOMO_MISS conv=conv-41 q=11 cat=1 pool=50 missing=D6:5
LOCOMO_MISS conv=conv-41 q=12 cat=1 pool=50 missing=D3:11
LOCOMO_MISS conv=conv-41 q=14 cat=3 pool=50 missing=D8:18,D8:20
LOCOMO_MISS conv=conv-41 q=21 cat=1 pool=50 missing=D11:5
LOCOMO_MISS conv=conv-41 q=25 cat=1 pool=50 missing=D13:24,D8:15
LOCOMO_MISS conv=conv-41 q=28 cat=1 pool=50 missing=D9:8
LOCOMO_MISS conv=conv-41 q=32 cat=1 pool=50 missing=D18:2,D16:2
LOCOMO_MISS conv=conv-41 q=35 cat=1 pool=50 missing=D18:3
LOCOMO_MISS conv=conv-41 q=40 cat=1 pool=50 missing=D22:7
LOCOMO_MISS conv=conv-41 q=44 cat=1 pool=50 missing=D28:5
LOCOMO_MISS conv=conv-41 q=47 cat=1 pool=50 missing=D25:13,D10:1,D1:4
LOCOMO_MISS conv=conv-41 q=48 cat=2 pool=50 missing=D26:4
LOCOMO_MISS conv=conv-41 q=49 cat=1 pool=50 missing=D25:19
LOCOMO_MISS conv=conv-41 q=50 cat=3 pool=50 missing=D3:5
LOCOMO_MISS conv=conv-41 q=64 cat=3 pool=50 missing=D32:14,D5:8,D11:10,D27:4
LOCOMO_MISS conv=conv-41 q=72 cat=4 pool=50 missing=D3:5
LOCOMO_MISS conv=conv-41 q=85 cat=4 pool=50 missing=D10:13
LOCOMO_MISS conv=conv-41 q=94 cat=4 pool=50 missing=D13:18
LOCOMO_MISS conv=conv-41 q=107 cat=4 pool=50 missing=D17:12
LOCOMO_MISS conv=conv-41 q=123 cat=4 pool=50 missing=D23:14
LOCOMO_MISS conv=conv-41 q=147 cat=4 pool=50 missing=D31:4
LOCOMO_MISS conv=conv-41 q=167 cat=5 pool=50 missing=D13:18
LOCOMO_MISS conv=conv-41 q=191 cat=5 pool=50 missing=D31:4
  convo 3/10 done — 495 q, R@10 so far: 96.8%
LOCOMO_MISS conv=conv-42 q=1 cat=1 pool=50 missing=D3:4,D10:9
LOCOMO_MISS conv=conv-42 q=23 cat=1 pool=50 missing=D2:7
LOCOMO_MISS conv=conv-42 q=30 cat=1 pool=50 missing=D17:14,D18:1
LOCOMO_MISS conv=conv-42 q=43 cat=2 pool=50 missing=D22:9
LOCOMO_MISS conv=conv-42 q=45 cat=2 pool=50 missing=D22:9
LOCOMO_MISS conv=conv-42 q=49 cat=1 pool=50 missing=D14:1,D24:12
LOCOMO_MISS conv=conv-42 q=51 cat=1 pool=50 missing=D13:9
LOCOMO_MISS conv=conv-42 q=55 cat=1 pool=50 missing=D4:6,D7:6
LOCOMO_MISS conv=conv-42 q=56 cat=1 pool=50 missing=D5:6,D26:9
LOCOMO_MISS conv=conv-42 q=58 cat=1 pool=50 missing=D9:12,D19:17
LOCOMO_MISS conv=conv-42 q=59 cat=1 pool=50 missing=D15:9
LOCOMO_MISS conv=conv-42 q=63 cat=1 pool=50 missing=D27:1
LOCOMO_MISS conv=conv-42 q=66 cat=3 pool=50 missing=D25:19,D28:25
LOCOMO_MISS conv=conv-42 q=68 cat=3 pool=50 missing=D7:6,D14:21
LOCOMO_MISS conv=conv-42 q=74 cat=1 pool=50 missing=D23:26
LOCOMO_MISS conv=conv-42 q=75 cat=1 pool=50 missing=D3:4
LOCOMO_MISS conv=conv-42 q=79 cat=1 pool=50 missing=D5:1,D12:13,D12:14
LOCOMO_MISS conv=conv-42 q=81 cat=1 pool=50 missing=D10:9,D10:11,D19:8
LOCOMO_MISS conv=conv-42 q=83 cat=1 pool=50 missing=D18:8
LOCOMO_MISS conv=conv-42 q=87 cat=3 pool=50 missing=D29:6
LOCOMO_MISS conv=conv-42 q=99 cat=4 pool=50 missing=D2:7
LOCOMO_MISS conv=conv-42 q=122 cat=4 pool=50 missing=D13:9
LOCOMO_MISS conv=conv-42 q=207 cat=5 pool=50 missing=D2:7
LOCOMO_MISS conv=conv-42 q=219 cat=5 pool=50 missing=D15:3
  convo 4/10 done — 755 q, R@10 so far: 96.0%
LOCOMO_MISS conv=conv-43 q=3 cat=3 pool=50 missing=D1:14,D1:16,D1:18
LOCOMO_MISS conv=conv-43 q=4 cat=1 pool=50 missing=D1:14,D26:36
LOCOMO_MISS conv=conv-43 q=7 cat=1 pool=50 missing=D14:16
LOCOMO_MISS conv=conv-43 q=11 cat=1 pool=50 missing=D3:1,D3:25
LOCOMO_MISS conv=conv-43 q=14 cat=1 pool=50 missing=D2:1
LOCOMO_MISS conv=conv-43 q=17 cat=1 pool=50 missing=D5:2
LOCOMO_MISS conv=conv-43 q=18 cat=1 pool=50 missing=D1:14,D2:7,D26:36
LOCOMO_MISS conv=conv-43 q=19 cat=3 pool=50 missing=D3:13,D3:15
LOCOMO_MISS conv=conv-43 q=20 cat=2 pool=50 missing=D5:2
LOCOMO_MISS conv=conv-43 q=21 cat=1 pool=50 missing=D6:3
LOCOMO_MISS conv=conv-43 q=24 cat=2 pool=50 missing=D7:1
LOCOMO_MISS conv=conv-43 q=25 cat=1 pool=50 missing=D7:7,D7:9
LOCOMO_MISS conv=conv-43 q=26 cat=1 pool=50 missing=D17:1,D17:11
LOCOMO_MISS conv=conv-43 q=30 cat=1 pool=50 missing=D6:3,D27:36
LOCOMO_MISS conv=conv-43 q=34 cat=3 pool=50 missing=D11:19
LOCOMO_MISS conv=conv-43 q=35 cat=1 pool=50 missing=D3:27
LOCOMO_MISS conv=conv-43 q=38 cat=1 pool=50 missing=D13:1
LOCOMO_MISS conv=conv-43 q=40 cat=2 pool=50 missing=D14:16
LOCOMO_MISS conv=conv-43 q=41 cat=1 pool=50 missing=D15:3,D16:1
LOCOMO_MISS conv=conv-43 q=42 cat=1 pool=50 missing=D10:4
LOCOMO_MISS conv=conv-43 q=52 cat=1 pool=50 missing=D20:2
LOCOMO_MISS conv=conv-43 q=53 cat=3 pool=50 missing=D20:2
LOCOMO_MISS conv=conv-43 q=65 cat=1 pool=50 missing=D8:18
LOCOMO_MISS conv=conv-43 q=67 cat=3 pool=50 missing=D4:1,D6:6,D15:3
LOCOMO_MISS conv=conv-43 q=103 cat=4 pool=50 missing=D10:4
LOCOMO_MISS conv=conv-43 q=148 cat=4 pool=50 missing=D21:13
LOCOMO_MISS conv=conv-43 q=151 cat=4 pool=50 missing=D23:1,D23:2,D23:3
LOCOMO_MISS conv=conv-43 q=176 cat=4 pool=50 missing=D29:6
LOCOMO_MISS conv=conv-43 q=202 cat=5 pool=50 missing=D10:11
LOCOMO_MISS conv=conv-43 q=212 cat=5 pool=50 missing=D15:7
LOCOMO_MISS conv=conv-43 q=225 cat=5 pool=50 missing=D21:13
LOCOMO_MISS conv=conv-43 q=241 cat=5 pool=50 missing=D29:6
  convo 5/10 done — 997 q, R@10 so far: 96.4%
LOCOMO_MISS conv=conv-44 q=2 cat=1 pool=50 missing=D13:1,D23:1,D19:15
LOCOMO_MISS conv=conv-44 q=3 cat=1 pool=50 missing=D13:1
LOCOMO_MISS conv=conv-44 q=9 cat=1 pool=50 missing=D14:2,D16:6
LOCOMO_MISS conv=conv-44 q=10 cat=2 pool=50 missing=D6:2
LOCOMO_MISS conv=conv-44 q=12 cat=1 pool=50 missing=D17:1
LOCOMO_MISS conv=conv-44 q=14 cat=1 pool=50 missing=D9:20
LOCOMO_MISS conv=conv-44 q=15 cat=1 pool=50 missing=D7:8
LOCOMO_MISS conv=conv-44 q=16 cat=2 pool=50 missing=D11:7
LOCOMO_MISS conv=conv-44 q=17 cat=1 pool=50 missing=D11:7
LOCOMO_MISS conv=conv-44 q=19 cat=3 pool=50 missing=D10:12,D12:1
LOCOMO_MISS conv=conv-44 q=20 cat=3 pool=50 missing=D10:13,D10:23
LOCOMO_MISS conv=conv-44 q=23 cat=1 pool=50 missing=D2:12,D5:3,D5:5,D5:7
LOCOMO_MISS conv=conv-44 q=24 cat=1 pool=50 missing=D2:16
LOCOMO_MISS conv=conv-44 q=26 cat=1 pool=50 missing=D16:1,D10:16
LOCOMO_MISS conv=conv-44 q=27 cat=1 pool=50 missing=D10:16
LOCOMO_MISS conv=conv-44 q=28 cat=1 pool=50 missing=D4:23,D4:25
LOCOMO_MISS conv=conv-44 q=29 cat=1 pool=50 missing=D2:1
LOCOMO_MISS conv=conv-44 q=31 cat=1 pool=50 missing=D14:27
LOCOMO_MISS conv=conv-44 q=33 cat=3 pool=50 missing=D21:5
LOCOMO_MISS conv=conv-44 q=35 cat=1 pool=50 missing=D12:1
LOCOMO_MISS conv=conv-44 q=36 cat=1 pool=50 missing=D10:13,D25:6
LOCOMO_MISS conv=conv-44 q=39 cat=1 pool=50 missing=D2:15
LOCOMO_MISS conv=conv-44 q=40 cat=1 pool=50 missing=D14:2
LOCOMO_MISS conv=conv-44 q=42 cat=1 pool=50 missing=D6:4
LOCOMO_MISS conv=conv-44 q=43 cat=3 pool=50 missing=D11:9
LOCOMO_MISS conv=conv-44 q=44 cat=3 pool=50 missing=D11:9
LOCOMO_MISS conv=conv-44 q=45 cat=2 pool=50 missing=D12:1
LOCOMO_MISS conv=conv-44 q=46 cat=2 pool=50 missing=D12:1
LOCOMO_MISS conv=conv-44 q=49 cat=1 pool=50 missing=D23:18
LOCOMO_MISS conv=conv-44 q=51 cat=1 pool=50 missing=D9:5,D18:10
LOCOMO_MISS conv=conv-44 q=52 cat=3 pool=50 missing=D23:1
LOCOMO_MISS conv=conv-44 q=53 cat=3 pool=50 missing=D2:18
LOCOMO_MISS conv=conv-44 q=54 cat=1 pool=50 missing=D10:7
LOCOMO_MISS conv=conv-44 q=55 cat=2 pool=50 missing=D28:12
LOCOMO_MISS conv=conv-44 q=60 cat=1 pool=50 missing=D12:1,D28:6
LOCOMO_MISS conv=conv-44 q=107 cat=4 pool=50 missing=D23:12
LOCOMO_MISS conv=conv-44 q=108 cat=4 pool=50 missing=D23:12
LOCOMO_MISS conv=conv-44 q=111 cat=4 pool=50 missing=D24:10
LOCOMO_MISS conv=conv-44 q=152 cat=5 pool=50 missing=D23:12
  convo 6/10 done — 1155 q, R@10 so far: 95.9%
LOCOMO_MISS conv=conv-47 q=0 cat=3 pool=50 missing=D1:27
LOCOMO_MISS conv=conv-47 q=1 cat=2 pool=50 missing=D1:26
LOCOMO_MISS conv=conv-47 q=2 cat=1 pool=50 missing=D1:36
LOCOMO_MISS conv=conv-47 q=11 cat=2 pool=50 missing=D6:7
LOCOMO_MISS conv=conv-47 q=12 cat=3 pool=50 missing=D6:6
LOCOMO_MISS conv=conv-47 q=19 cat=3 pool=50 missing=D9:16
LOCOMO_MISS conv=conv-47 q=24 cat=1 pool=50 missing=D13:7,D27:2
LOCOMO_MISS conv=conv-47 q=33 cat=3 pool=50 missing=D17:13
LOCOMO_MISS conv=conv-47 q=34 cat=1 pool=50 missing=D17:22
LOCOMO_MISS conv=conv-47 q=40 cat=1 pool=50 missing=D14:17,D14:23
LOCOMO_MISS conv=conv-47 q=51 cat=1 pool=50 missing=D19:7,D24:3
LOCOMO_MISS conv=conv-47 q=54 cat=1 pool=50 missing=D27:1
LOCOMO_MISS conv=conv-47 q=56 cat=1 pool=50 missing=D28:19
LOCOMO_MISS conv=conv-47 q=126 cat=4 pool=50 missing=D24:3
LOCOMO_MISS conv=conv-47 q=167 cat=5 pool=50 missing=D18:16
LOCOMO_MISS conv=conv-47 q=175 cat=5 pool=50 missing=D24:3
  convo 7/10 done — 1345 q, R@10 so far: 96.1%
LOCOMO_MISS conv=conv-48 q=8 cat=1 pool=50 missing=D15:29
LOCOMO_MISS conv=conv-48 q=11 cat=3 pool=50 missing=D23:4
LOCOMO_MISS conv=conv-48 q=13 cat=1 pool=50 missing=D19:17
LOCOMO_MISS conv=conv-48 q=14 cat=1 pool=50 missing=D12:3,D29:7
LOCOMO_MISS conv=conv-48 q=19 cat=1 pool=50 missing=D2:24
LOCOMO_MISS conv=conv-48 q=20 cat=1 pool=50 missing=D20:1
LOCOMO_MISS conv=conv-48 q=23 cat=3 pool=50 missing=D2:30
LOCOMO_MISS conv=conv-48 q=28 cat=3 pool=50 missing=D4:33
LOCOMO_MISS conv=conv-48 q=36 cat=3 pool=50 missing=D13:5,D21:6,D21:8,D22:6,D22:14,D24:14,D26:6
LOCOMO_MISS conv=conv-48 q=39 cat=1 pool=50 missing=D10:13
LOCOMO_MISS conv=conv-48 q=40 cat=3 pool=50 missing=D10:17
LOCOMO_MISS conv=conv-48 q=61 cat=4 pool=50 missing=D22:12
LOCOMO_MISS conv=conv-48 q=82 cat=1 pool=50 missing=D6:10
LOCOMO_MISS conv=conv-48 q=84 cat=1 pool=50 missing=D17:12
LOCOMO_MISS conv=conv-48 q=86 cat=1 pool=50 missing=D4:26,D23:20
LOCOMO_MISS conv=conv-48 q=87 cat=1 pool=50 missing=D23:18
LOCOMO_MISS conv=conv-48 q=88 cat=1 pool=50 missing=D12:1,D15:1,D29:1
LOCOMO_MISS conv=conv-48 q=93 cat=4 pool=50 missing=D22:12
LOCOMO_MISS conv=conv-48 q=114 cat=4 pool=50 missing=D7:9
LOCOMO_MISS conv=conv-48 q=121 cat=4 pool=50 missing=D9:14
LOCOMO_MISS conv=conv-48 q=141 cat=4 pool=50 missing=D15:27
LOCOMO_MISS conv=conv-48 q=203 cat=5 pool=50 missing=D7:9
  convo 8/10 done — 1584 q, R@10 so far: 96.3%
LOCOMO_MISS conv=conv-49 q=4 cat=2 pool=50 missing=D1:11
LOCOMO_MISS conv=conv-49 q=7 cat=1 pool=50 missing=D10:8,D20:6,D7:2,D7:6,D21:19
LOCOMO_MISS conv=conv-49 q=11 cat=1 pool=50 missing=D10:6,D15:1
LOCOMO_MISS conv=conv-49 q=14 cat=1 pool=50 missing=D22:12
LOCOMO_MISS conv=conv-49 q=19 cat=3 pool=50 missing=D3:15,D22:1,D8:22,D9:8,D9:11,D14:12,D12:11
LOCOMO_MISS conv=conv-49 q=20 cat=3 pool=50 missing=D14:12,D8:12
LOCOMO_MISS conv=conv-49 q=28 cat=1 pool=50 missing=D6:4,D11:7
LOCOMO_MISS conv=conv-49 q=32 cat=1 pool=50 missing=D6:13
LOCOMO_MISS conv=conv-49 q=37 cat=1 pool=50 missing=D18:6
LOCOMO_MISS conv=conv-49 q=40 cat=2 pool=50 missing=D8:12
LOCOMO_MISS conv=conv-49 q=41 cat=2 pool=50 missing=D8:12
LOCOMO_MISS conv=conv-49 q=49 cat=1 pool=50 missing=D7:1,D7:9,D7:10,D9:2
LOCOMO_MISS conv=conv-49 q=50 cat=1 pool=50 missing=D1:14,D4:8,D6:1,D9:6,D25:8,D25:10
LOCOMO_MISS conv=conv-49 q=51 cat=3 pool=50 missing=D4:6,D14:1,D14:2
LOCOMO_MISS conv=conv-49 q=54 cat=1 pool=50 missing=D9:2,D11:2
LOCOMO_MISS conv=conv-49 q=69 cat=1 pool=50 missing=D21:2
LOCOMO_MISS conv=conv-49 q=70 cat=2 pool=50 missing=D5:1
LOCOMO_MISS conv=conv-49 q=71 cat=3 pool=50 missing=D21:2
LOCOMO_MISS conv=conv-49 q=77 cat=1 pool=50 missing=D23:15
LOCOMO_MISS conv=conv-49 q=82 cat=1 pool=50 missing=D16:17
LOCOMO_MISS conv=conv-49 q=105 cat=4 pool=50 missing=D8:12
LOCOMO_MISS conv=conv-49 q=122 cat=4 pool=50 missing=D14:1
LOCOMO_MISS conv=conv-49 q=147 cat=4 pool=50 missing=D23:15
LOCOMO_MISS conv=conv-49 q=169 cat=5 pool=50 missing=D8:1
LOCOMO_MISS conv=conv-49 q=179 cat=5 pool=50 missing=D14:1
LOCOMO_MISS conv=conv-49 q=190 cat=5 pool=50 missing=D23:15
  convo 9/10 done — 1780 q, R@10 so far: 95.8%
LOCOMO_MISS conv=conv-50 q=4 cat=3 pool=50 missing=D3:10
LOCOMO_MISS conv=conv-50 q=6 cat=1 pool=50 missing=D3:12
LOCOMO_MISS conv=conv-50 q=11 cat=1 pool=50 missing=D9:1
LOCOMO_MISS conv=conv-50 q=15 cat=1 pool=50 missing=D8:4
LOCOMO_MISS conv=conv-50 q=19 cat=1 pool=50 missing=D12:7
LOCOMO_MISS conv=conv-50 q=21 cat=3 pool=50 missing=D12:11
LOCOMO_MISS conv=conv-50 q=23 cat=1 pool=50 missing=D5:5,D4:5,D3:12
LOCOMO_MISS conv=conv-50 q=24 cat=1 pool=50 missing=D13:7
LOCOMO_MISS conv=conv-50 q=28 cat=1 pool=50 missing=D5:10
LOCOMO_MISS conv=conv-50 q=29 cat=1 pool=50 missing=D8:8
LOCOMO_MISS conv=conv-50 q=30 cat=1 pool=50 missing=D2:10,D10:11
LOCOMO_MISS conv=conv-50 q=31 cat=2 pool=50 missing=D17:1
LOCOMO_MISS conv=conv-50 q=37 cat=3 pool=50 missing=D7:1
LOCOMO_MISS conv=conv-50 q=43 cat=2 pool=50 missing=D21:1
LOCOMO_MISS conv=conv-50 q=46 cat=1 pool=50 missing=D21:4
LOCOMO_MISS conv=conv-50 q=48 cat=2 pool=50 missing=D22:1
LOCOMO_MISS conv=conv-50 q=49 cat=1 pool=50 missing=D12:2,D12:4
LOCOMO_MISS conv=conv-50 q=56 cat=1 pool=50 missing=D14:1
LOCOMO_MISS conv=conv-50 q=57 cat=2 pool=50 missing=D27:2
LOCOMO_MISS conv=conv-50 q=58 cat=1 pool=50 missing=D12:2,D12:4
LOCOMO_MISS conv=conv-50 q=60 cat=1 pool=50 missing=D4:24
LOCOMO_MISS conv=conv-50 q=63 cat=1 pool=50 missing=D16:4
LOCOMO_MISS conv=conv-50 q=75 cat=4 pool=50 missing=D4:1
LOCOMO_MISS conv=conv-50 q=85 cat=4 pool=50 missing=D8:4
LOCOMO_MISS conv=conv-50 q=95 cat=4 pool=50 missing=D13:7
LOCOMO_MISS conv=conv-50 q=140 cat=4 pool=50 missing=D26:11
LOCOMO_MISS conv=conv-50 q=143 cat=4 pool=50 missing=D28:8
LOCOMO_MISS conv=conv-50 q=144 cat=4 pool=50 missing=D28:8
LOCOMO_MISS conv=conv-50 q=151 cat=4 pool=50 missing=D30:1
LOCOMO_MISS conv=conv-50 q=160 cat=5 pool=50 missing=D4:1
LOCOMO_MISS conv=conv-50 q=170 cat=5 pool=50 missing=D13:7
LOCOMO_MISS conv=conv-50 q=194 cat=5 pool=50 missing=D28:8
  convo 10/10 done — 1982 q, R@10 so far: 95.5%
LOCOMO_RAW convos=0..10/10 recall_sum=1893.0000 evaluated=1982
LOCOMO_TIMING convos=0..10/10 ingest_secs=20.441 search_secs=48.493 evaluated=1982 search_ms_per_q=24.5
LoCoMo — 1982 questions, session granularity: R@10 95.5%
  category 1            92.9%  (282)
  category 2            92.2%  (321)
  category 3            78.3%  (92)
  category 4            98.0%  (841)
  category 5            98.4%  (446)
LOCOMO_GOLD_RAW convos=0..10/10 queries=1982 session_any=1893.0000 session_all=1743.0000 slot_session_any=1869.0000 slot_session_all=1700.0000 turn_queries=1977 turn_any=1662.0000 turn_all=1467.0000 slots=19820 repeat_slots=4538 unlocatable_turns=9
LOCOMO_DOCCAP_RAW convos=0..10/10 cap=1 turn_queries=1977 turn_any=1336.0000 turn_all=1121.0000
LOCOMO_DOCCAP_RAW convos=0..10/10 cap=2 turn_queries=1977 turn_any=1630.0000 turn_all=1432.0000
Gold evidence, session, 60-hit pool scan: any 95.5%  all 87.9%   (1982 q)
Gold evidence, session, in the 10 slots:  any 94.3%  all 85.8%   (1982 q)
Gold evidence, turn,    in the 10 slots:  any 84.1%  all 74.2%   (1977 q)
  at most 1 slot(s) per document:  any 67.6%  all 56.7%   (all -17.5pp vs the same retrieval uncapped)
  at most 2 slot(s) per document:  any 82.4%  all 72.4%   (all -1.8pp vs the same retrieval uncapped)
  budget-selected (8000 B, overlap charged once): any 84.1%  all 74.5%   (all +0.3pp, mean 10.6 chunks)
  slots filled by an already-represented document: 4538/19820 = 22.9%
    of those, 3187 overlap text already returned and 1351 carry different text from the same document
  bytes handed to the reader twice: 325583/15429216 = 2.1%  (the ceiling on what any dedup can recover)
  gold turns needed = 1   all delivered 85.7%  (1554 q)
  gold turns needed = 2   all delivered 44.4%  (241 q)
  gold turns needed = 3   all delivered 27.2%  (81 q)
  gold turns needed = 4   all delivered 8.6%  (58 q)
  gold turns needed = 5+  all delivered 2.3%  (43 q)
  gold-turns-needed  baseline   cap<=2     budget
    1                  85.7%     83.8%     85.8%   (1554 q)
    2                  44.4%     44.0%     44.8%   (241 q)
    3                  27.2%     23.5%     28.4%   (81 q)
    4                   8.6%      5.2%     10.3%   (58 q)
    5+                  2.3%      2.3%      4.7%   (43 q)
  category 1  all delivered 21.7%  (281 q)
  category 2  all delivered 77.8%  (320 q)
  category 3  all delivered 34.8%  (89 q)
  category 4  all delivered 86.9%  (841 q)
  category 5  all delivered 88.6%  (446 q)
  all gold covered within top-10   74.2%  (cumulative)
  all gold covered within top-20   79.9%  (cumulative)
  all gold covered within top-40   85.9%  (cumulative)
  all gold covered within top-80   87.5%  (cumulative)
  all gold covered within top-160  87.5%  (cumulative)
  all gold covered anywhere in the pool: 87.5%  — never, at any depth: 12.5%  (the first-stage floor)
  9 gold turns could not be located in the ingested body and are excluded from the turn rows
